// Jest Snapshot v1, https://goo.gl/fbAQLP

exports[`renders correctly 1`] = `
<View
  style={
    Object {
      "alignItems": "center",
      "backgroundColor": "#e8e8e8",
      "flex": 1,
      "padding": 20,
    }
  }
>
  <View
    style={
      Object {
        "alignItems": "center",
        "flexDirection": "row",
        "height": 50,
        "justifyContent": "space-between",
        "width": "100%",
      }
    }
  >
    <TextInput
      onChangeText={[Function]}
      placeholder="Search..."
      placeholderTextColor="#a3a3a3"
      style={
        Object {
          "backgroundColor": "white",
          "borderWidth": 1,
          "color": "black",
          "fontSize": 24,
          "height": "100%",
          "padding": 10,
          "width": "80%",
        }
      }
      value=""
    />
    <View
      accessibilityState={
        Object {
          "disabled": true,
        }
      }
      accessible={true}
      collapsable={false}
      focusable={true}
      onClick={[Function]}
      onResponderGrant={[Function]}
      onResponderMove={[Function]}
      onResponderRelease={[Function]}
      onResponderTerminate={[Function]}
      onResponderTerminationRequest={[Function]}
      onStartShouldSetResponder={[Function]}
      style={
        Object {
          "alignItems": "center",
          "backgroundColor": "#c9c9c9",
          "height": "100%",
          "justifyContent": "center",
          "opacity": 1,
          "width": "15%",
        }
      }
    >
      <Text
        style={
          Object {
            "color": "black",
            "fontSize": 30,
          }
        }
      >
        +
      </Text>
    </View>
  </View>
  <View
    style={
      Object {
        "backgroundColor": "black",
        "height": 2,
        "marginVertical": 15,
        "width": "100%",
      }
    }
  />
  <View
    style={
      Object {
        "width": "100%",
      }
    }
  >
    <RCTScrollView
      ItemSeparatorComponent={[Function]}
      data={
        Array [
          "Milk",
          "Coffee",
          "Oranges",
          "Bread",
        ]
      }
      getItem={[Function]}
      getItemCount={[Function]}
      keyExtractor={[Function]}
      onContentSizeChange={[Function]}
      onLayout={[Function]}
      onMomentumScrollBegin={[Function]}
      onMomentumScrollEnd={[Function]}
      onScroll={[Function]}
      onScrollBeginDrag={[Function]}
      onScrollEndDrag={[Function]}
      removeClippedSubviews={false}
      renderItem={[Function]}
      scrollEventThrottle={50}
      stickyHeaderIndices={Array []}
      viewabilityConfigCallbackPairs={Array []}
    >
      <View>
        <View
          onLayout={[Function]}
          style={null}
        >
          <Text
            style={
              Object {
                "color": "black",
                "fontSize": 25,
                "fontWeight": "700",
              }
            }
          >
            Milk
          </Text>
          <View
            style={
              Object {
                "backgroundColor": "#8E8E8E",
                "flex": 1,
                "height": 0.5,
                "marginBottom": 10,
              }
            }
          />
        </View>
        <View
          onLayout={[Function]}
          style={null}
        >
          <Text
            style={
              Object {
                "color": "black",
                "fontSize": 25,
                "fontWeight": "700",
              }
            }
          >
            Coffee
          </Text>
          <View
            style={
              Object {
                "backgroundColor": "#8E8E8E",
                "flex": 1,
                "height": 0.5,
                "marginBottom": 10,
              }
            }
          />
        </View>
        <View
          onLayout={[Function]}
          style={null}
        >
          <Text
            style={
              Object {
                "color": "black",
                "fontSize": 25,
                "fontWeight": "700",
              }
            }
          >
            Oranges
          </Text>
          <View
            style={
              Object {
                "backgroundColor": "#8E8E8E",
                "flex": 1,
                "height": 0.5,
                "marginBottom": 10,
              }
            }
          />
        </View>
        <View
          onLayout={[Function]}
          style={null}
        >
          <Text
            style={
              Object {
                "color": "black",
                "fontSize": 25,
                "fontWeight": "700",
              }
            }
          >
            Bread
          </Text>
        </View>
        <View
          style={
            Object {
              "height": 0,
            }
          }
        />
      </View>
    </RCTScrollView>
  </View>
</View>
`;
